1DAHACU
1DAHAVO
1DAHHAVO
1DE28AVO
1DEICACU
1DEN0AVO
1DEN1AVO
1DEP0AVO
1DEP1AVO
1DEP2AVO
1DEP3AVO
1DP28AVO
1DPICACU
1DPP0AVO
1DAHBCU
1DAHBVO
1DAHHBVO
1DE28BVO
1DEICBCU
1DEN0BVO
1DEN1BVO
1DEP0BVO
1DEP1BVO
1DEP2BVO
1DEP3BVO
1DP28BVO
1DPICBCU
1DPP0BVO
1HOPRAPR
1HOPRBPR
1CBAT
1CBBT
1CRAT
1CRBT
1DACTBT
1DEAMZT
1DPAMYT
1DPAMZT
1MAHCAT
1MAHCBT
1OAHBT
1PDEAAT
1PDEABT
1MAHOAT
1MAHOBT
1OAHAT
1PIN1AT
1WRAT
1WRBT
1CRATC
1CRBTC
1WRATC
1WRBTC
1DPAMYTC
1DPAMZTC
1DEAMZTC
1PDEAATC
1PDEABTC
1PIN1ATC
1CBATC
1CBBTC
1DACTBTC
1MAHCATC
1MAHOATC
1OAHATC
1MAHCBTC
1MAHOBTC
1OAHBTC
1DPPWRA
1DPPWRB
SCE150L1
SCE300L1
SCE1300L1
SCE3000L1
SCINTL1
HRMAAVG
HRMACAV
HRMAXGRD
HRMARADGRD
OBAAVG
OBACONEAVG
FWBLKHDT
AFTBLKHDT
OBAAXGRD
MZOBACONE
PZOBACONE
OBADIAGRAD
HRMARANGE
TFTERANGE
HRMASTRUTRNGE
SCSTRUTRNGE
FLEXADIF
FLEXBDIF
FLEXCDIF
EIOSTATUS_A
EIOSTATUS_B
EIOSTATUS_C
EIOSTATUS_D
EIOSTATUS_E
EIOSTATUS_F
EIOSTATUS_G
EIOSTATUS_H
HKTIMDTIMOUT
HKTIMATIMOUT
HKRETURNCODE
HKRETRYNEED
HKCMDSUCCESS
SCRETURNCODE
SCRETRYNEED
SCCMDSUCCESS
TELECMDCODE
TELECMDCNT
TCTIMDTIMOUT
TCTIMATIMOUT
TCNAKSENT
TCRETURNCODE
TCRETRYNEED
TCCMDSUCCESS
EPHSIMSTATUS
SCP4GM
SCP8GM
SCH4GM
SCH8GM
SCE150
SCE300
SCE1300
SCE3000
SCINT
SCP25GM
SCP41GM
SCH25GM
SCH41GM
SCCT0
SCG0
SCA00
SCA01
SCA02
SCA03
SCA04
SCA05
SCB00
SCB01
SCB02
SCB04
SCB05
SCC0
SCD0
SCE0
SCF0
SCP4GR
SCP4S
SCP8GR
SCP8S
SCH4GR
SCH4S1
SCH4S23
SCH8GR
SCH8S1
SCH8S23
SCP25GR
SCP25S
SCP41GR
SCP41S
SCH25GR
SCH25S1
SCH25S23
SCH41GR
SCH41S1
SCH41S23
SCCT1
SCCT2
SCCT3
SCCT4
SCCT5
5EIOT
5EPHINT
HKP5V
HKP27V
HKP6V
HKN6V
HKP5I
HKP27I
HKP6I
HKN6I
HKEBOXTEMP
HKABIASLEAKI
HKBBIASLEAKI
HKCBIASLEAKI
HKDBIASLEAKI
HKEBIASLEAKI
HKFBIASLEAKI
HKGHV
TEIO
TEPHIN
EOEB1CIC
EOEB1DIC
EOEB1VC
EOEB2CIC
EOEB2VC
EOEB3CIC
EOEB3VC
EOECNV1C
EOECNV2C
EOECNV3C
EOESAC1C
EOESAC2C
EB1CI
EB1DI
EB1V
EB2CI
EB2DI
EB2V
EB3CI
ECNV2V
ECNV3V
EEPA5V
EEPB5V
EB3DI
EB3V
EOCHRGB1
EOCHRGB2
EOCHRGB3
ECNV1V
HAFTBGRD1
HAFTBGRD2
HAFTBGRD3
HAHEATGRD1
HAHEATGRD2
HAHEATGRD3
HAICYLGRD
HCAPGRD1
HCAPGRD2
HCAPGRD3
HCAPGRD4
HCAPGRD5
HCAPGRD6
HCAPGRD7
HCAPGRD8
HFAPGRD1
HFAPGRD2
HFAPGRD3
HFAPGRD4
HFAPGRD5
HFAPGRD6
HFAPGRD7
HFAPGRD8
HFAPGRD9
HFRDBGRD1
HFRDBGRD2
HFRDBGRD3
HFRDBGRD4
HFRDBGRD5
HFRDBGRD7
HFRDBGRD8
HFRDBGRD10
HFRDBGRD11
HFRDBGRD12
HFRDBGRD13
HFRDBGRD14
HCONEGRD1
HCONEGRD2
HCONEGRD3
HCONEGRD4
HCONEGRD5
HCONEGRD6
HCONEGRD7
HCONEGRD8
HCONEGRD9
HCONEGRD10
HCONEGRD11
HCONEGRD12
HCONEGRD13
HCONEGRD14
HCONEGRD15
HCONEGRD16
HCONEGRD17
HCONEGRD18
HCONEGRD19
HCONEGRD20
HCONEGRD21
HCONEGRD22
HCONEGRD23
HCONEGRD24
HCONEGRD25
HCONEGRD26
HCONEGRD27
HCONEGRD28
HCONEGRD29
HCONEGRD30
HCONEGRD31
HCONEGRD32
HCONEGRD33
HCONEGRD34
HCONEGRD35
HCONEGRD36
HCONEGRD37
HCONEGRD38
HCONEGRD39
HCONEGRD40
HCONEGRD41
HCONEGRD42
HCONEGRD43
HCONEGRD44
HHFLXGRD1
HHFLXGRD2
HHFLXGRD3
HHFLXGRD4
HHFLXGRD5
HHFLXGRD6
HHFLXGRD7
HHFLXGRD8
HHFLXGRD9
HPFLXGRD1
HPFLXGRD2
HPFLXGRD3
HPFLXGRD4
HPFLXGRD5
HPFLXGRD6
HPFLXGRD7
HPFLXGRD8
HPFLXGRD9
HSTRTGRD1
HSTRTGRD2
HSTRTGRD3
HSTRTGRD4
HSTRTGRD5
HSTRTGRD6
HOCYLGRD1
HOCYLGRD2
HOCYLGRD3
HOCYLGRD4
HOCYLGRD5
HOCYLGRD6
HPCOLBGRD1
HPCOLBGRD2
HPRIGRD
HSSTRTGRD1
HSSTRTGRD2
HSSTRTGRD3
HSSTRTGRD4
HSSTRTGRD5
HSSTRTGRD6
HTFTEGRD1
HTFTEGRD2
HTFTEGRD3
HTFTEGRD4
HTFTEGRD5
HTFTEGRD6
HTFTEGRD7
HTFTEGRD8
HTFTEGRD9
HTFTEGRD10
HTFTEGRD11
HTFTEGRD12
4HPOSARO
4HPOSBRO
4LPOSARO
4LPOSBRO
4MP28AV
4MP28BV
4MP5AV
4MP5BV
2DETART
2DETBRT
P15CAST
SPTPAST
N15CAST
SPBPAST
P24CAST
IMTPAST
IMBPAST
MTRSELCT
MTRSTATR
MTRCMNDR
SCTHAST
MTRITMP
MLSWENBL
MLSWSTAT
FCPUAST
FCPVAST
CBHUAST
CBLUAST
CBHVAST
CBLVAST
WDTHAST
SCIDPREN
HVPSSTAT
S1HVST
S2HVST
IMHVLV
IMHBLV
SPHVLV
SPHBLV
S1HVLV
S2HVLV
LLDIALV
CALPALV
RSRFALV
C05PALV
C15PALV
C15NALV
C24PALV
PRBSCR
PRBSVL
FEPRATM
SPINATM
IMINATM
LVPLATM
SPHVATM
IMHVATM
SMTRATM
FE00ATM
2CEAHVPT
2UVLSPXT
2CHTRPZT
2CONDMXT
2DCENTRT
2DTSTATT
2FHTRMZT
2FRADPYT
2PMT1T
2PMT2T
TLEVART
VLEVART
SHEVART
OHRTHR27
OHRTHR42
OHRTHR43
OOBAGRD3
OOBAGRD6
AOGYRCT1
AOGYRCT2
AOGYRCT3
AOGYRCT4
AOGBIAS1
AOGBIAS2
AOGBIAS3
AOTARQT1
AOTARQT2
AOTARQT3
AOATTQT1
AOATTQT2
AOATTQT3
AOATTQT4
AI1AX1X
AI1AX1Y
AI1AX2X
AI1AX2Y
AI2AX1X
AI2AX1Y
AI2AX2X
AI2AX2Y
AOALPANG
AOBETANG
AOCMDQT1
AOCMDQT2
AOCMDQT3
AOSCPOS1
AOSCPOS2
AOSCPOS3
AOSCVEL1
AOSCVEL2
AOSCVEL3
AOSUNEC1
AOSUNEC2
AOSUNEC3
AOSUNSA1
AOSUNSA2
AOSUNSA3
AGWS1V
AGWS2V
AIRU1G1I
AIRU1G2I
AIRU2G1I
AIRU2G2I
AFSSPC1V
AFSSPC2V
AIRU1BT
AIRU1G1T
AIRU1G2T
AIRU1VFT
AIRU2BT
AIRU2G1T
AIRU2G2T
AIRU2VFT
AOCSSI1
AOCSSI2
AOCSSI3
AOCSSI4
chisq
img_diam_rms
img_roll_rms
target_offset
img_fit_chisq
gyro_glitch
gyro_gap
gyro_incons
aca_data_bad
rw_speed_bad
AORWCMD1
AORWCMD2
AORWCMD3
AORWCMD4
AORWCMD5
AORWCMD6
AORWCNT1
AORWCNT2
AORWCNT3
AORWCNT4
AORWCNT5
AORWCNT6
AORWSPD1
AORWSPD2
AORWSPD3
AORWSPD4
AORWSPD5
AORWSPD6
AORWMC1
AORWMC4
AORWMC5
AACBPPT
AACBPRT
AACCCDPT
AACCCDRT
AACH1T
AACH2T
AAOTALT
AAOTAPMT
AAOTASMT
AAOTH2MT
TSCEDGE
FAEDGE
MRMDEST
TSCTABWID
FATABWID
FAPOS
TSCPOS
PWMLEVEL
LDRTNUM
LDRTRELPOS
STALLCNT
MTROVRCCNT
TSCTABADC
FATABADC
AGRNDADC
P15VADC
P5VADC
N15VADC
3BTU_BPT
3FABRAAT
3FABRCAT
3FAMYZAT
3FAPYZAT
3FARALAT
3FLCABPT
3RCTUBPT
3TSMXCET
3TSMXSPT
3TSMYDPT
3TSPYFET
3TSPZDET
3TSPZSPT
3TTACS1T
3TTACS2T
3TTACS3T
3TTBRGBT
3TTHRC1T
3TTHRC2T
3TTHRC3T
3TTRALAT
3TTRALCT
3TTVALVT
FLEXATEMP
FLEXBTEMP
FLEXCTEMP
TSCMTRTEMP
FAMTRTEMP
PSUTEMP
BOXTEMP
FLEXATSET
FLEXBTSET
FLEXCTSET
CVEEP
CVEER
ESAMYI
ESAPYI
EUVSENPR
EDISSNPR
EPOVSPR
ES1P5CV
ES2P5CV
ELBI
ELBV
OBATTPWR
OHRMAPWR
OOBAPWR
ADE1P5CV
ADE2P5CV
AHKNATPR
AHKNATRD
AVACMONV
AVD1CV5V
AVD2CV5V
AWD1CV5V
AWD1TQI
AWD2CV5V
AWD2TQI
AWD3CV5V
AWD3TQI
AWD4CV5V
AWD4TQI
AWD5CV5V
AWD5TQI
AWD6CV5V
AWD6TQI
CPA1PWR
CPA2PWR
C28VMONA
CIUA15V
CIUA5V
CPA1V
CPA2V
CPCA15V
CPCA5V
CRXAV
CSITA15V
CSITA5V
CSSR1CAV
CTSA15V
CTSA5V
CTUA15V
CTUA5V
CUSOA28V
CXO5VOBA
CTXAPWR
CTXAV
EPA15V
EIACVAV
AOVAPWR
ACPA5CV
AFLC10AI
AFLC11AI
AFLC12AI
AFLC13AI
AFLC14AI
AFLCA1AI
AFLCA2AI
AFLCA3AI
AFLCA4AI
AFLCA5AI
AFLCA6AI
AFLCA7AI
AFLCA8AI
AFLCA9AI
AFLCAAH
AIOAP5CV
ASPEA5CV
C28VMONB
CIUB15V
CIUB5V
CPCB15V
CPCB5V
CRXBV
CSITB15V
CSITB5V
CSSR2CBV
CTSB15V
CTSB5V
CTUB15V
CTUB5V
CUSOB28V
CXO5VOBB
CTXBPWR
CTXBV
EPB15V
EIACVBV
AOVBPWR
ACPB5CV
AFLC10BI
AFLC11BI
AFLC12BI
AFLC13BI
AFLC14BI
AFLCA1BI
AFLCA2BI
AFLCA3BI
AFLCA4BI
AFLCA5BI
AFLCA6BI
AFLCA7BI
AFLCA8BI
AFLCA9BI
AFLCABH
AIOBP5CV
ASPEB5CV
TAPE1PST
TAPE2PST
TAPEA1T
TAPEA2T
TASPPCM
TASPPCP
TASPPCU
TASPRWC
TATECDPT
TATECDRT
TBOLTCUT
TCM_CTU
TCM_IFU
TCM_OBC
TCM_PA1
TCM_PA2
TCM_PAN
TCM_RFAS
TCM_SSR1
TCM_SSR2
TCM_TX1
TCM_TX2
TCM_USO
TCNR_BRM
TCYLAFT1
TCYLAFT2
TCYLAFT3
TCYLAFT4
TCYLAFT5
TCYLAFT6
TCYLCMM
TCYLFMZM
TCYLFMZP
TCYLPCM
TCYLPCP
TCYLRWC
TCYZ_RW1
TCYZ_RW6
TEP_BPAN
TEP_EIA
TEP_PCU
TEP_PPAN
TEP_PSU1
TEP_PSU2
TEP_RCTU
TESH1
TESH2
TFSPCMM
TFSPCMP
TFSPPCM
TFSPPCP
TFSPPCU
TFSPRWC
TFSSBKT1
TFSSBKT2
TFUTSUPN
TMYHNG
TMYSADA
TMZLGABM
TMZP_CNT
TMZP_MY
TMZP_PY
TOXTSUPN
TPC_CEA
TPC_DEA
TPC_ESE
TPC_FSSE
TPC_PAN
TPC_RCTU
TPC_WDA
TPCM_RW4
TPCM_RW5
TPCP_RW2
TPCP_RW3
TPYSADA
TPZLGABM
TRSPMTPC
TRSPOTEP
TRSPOTEX
TRSPOTPC
TRSPRWBB
TRSPRWBC
TRSPRWCM
TSAMYT
TSAPYT
TSCIUSF1
TSCIUSF2
TSCIUSF5
TSCIUSF8
TSCTSF1
TSCTSF2
TSCTSF3
TSCTSF4
TSCTSF5
TSCTSF6
TB1T1
TB1T2
TB1T3
TB2T1
TB2T2
TB2T3
TB3T1
TB3T2
TB3T3
4PRT1AT
4PRT1BT
4PRT2AT
4PRT2BT
4PRT3AT
4PRT3BT
4PRT4AT
4PRT4BT
4PRT5AT
4PRT5BT
4RT555T
4RT556T
4RT557T
4RT558T
4RT559T
4RT560T
4RT561T
4RT562T
4RT563T
4RT564T
4RT565T
4RT567T
4RT568T
4RT569T
4RT570T
4RT575T
4RT576T
4RT577T
4RT578T
4RT579T
4RT580T
4RT581T
4RT582T
4RT583T
4RT584T
4RT585T
4RT586T
4RT587T
4RT588T
4RT589T
4RT590T
4RT591T
4RT592T
4RT593T
4RT594T
4RT595T
4RT596T
4RT597T
4RT598T
4RT700T
4RT701T
4RT702T
4RT703T
4RT704T
4RT705T
4RT706T
4RT707T
4RT708T
4RT709T
4RT710T
4RT711T
OHRMGRD1
OHRMGRD2
OHRMGRD3
OHRMGRD4
OHRMGRD5
OHRMGRD6
OHRMGRD7
OHRMGRD8
OHRTHR01
OHRTHR02
OHRTHR03
OHRTHR04
OHRTHR05
OHRTHR06
OHRTHR07
OHRTHR08
OHRTHR09
OHRTHR10
OHRTHR11
OHRTHR12
OHRTHR13
OHRTHR14
OHRTHR15
OHRTHR16
OHRTHR17
OHRTHR18
OHRTHR19
OHRTHR20
OHRTHR21
OHRTHR22
OHRTHR23
OHRTHR24
OHRTHR25
OHRTHR26
OHRTHR28
OHRTHR29
OHRTHR30
OHRTHR31
OHRTHR32
OHRTHR33
OHRTHR34
OHRTHR35
OHRTHR36
OHRTHR37
OHRTHR38
OHRTHR39
OHRTHR40
OHRTHR41
OHRTHR44
OHRTHR45
OHRTHR46
OHRTHR47
OHRTHR48
OHRTHR49
OHRTHR50
OHRTHR51
OHRTHR52
OHRTHR53
OHRTHR54
OHRTHR55
OHRTHR56
OHRTHR57
OHRTHR58
OHRTHR59
OHRTHR60
OHRTHR61
OHRTHR62
OHRTHR63
OHRTHR64
OOBAGRD1
OOBAGRD2
OOBAGRD4
OOBAGRD5
OOBAGRD7
OOBAGRD8
OOBTHR01
OOBTHR02
OOBTHR03
OOBTHR04
OOBTHR05
OOBTHR06
OOBTHR07
OOBTHR08
OOBTHR09
OOBTHR10
OOBTHR11
OOBTHR12
OOBTHR13
OOBTHR14
OOBTHR15
OOBTHR16
OOBTHR17
OOBTHR18
OOBTHR19
OOBTHR20
OOBTHR21
OOBTHR22
OOBTHR23
OOBTHR24
OOBTHR25
OOBTHR26
OOBTHR27
OOBTHR28
OOBTHR29
OOBTHR30
OOBTHR31
OOBTHR32
OOBTHR33
OOBTHR34
OOBTHR35
OOBTHR36
OOBTHR37
OOBTHR38
OOBTHR39
OOBTHR40
OOBTHR41
OOBTHR42
OOBTHR43
OOBTHR44
OOBTHR45
OOBTHR46
OOBTHR47
OOBTHR48
OOBTHR49
OOBTHR50
OOBTHR51
OOBTHR52
OOBTHR53
OOBTHR54
OOBTHR55
OOBTHR56
OOBTHR57
OOBTHR58
OOBTHR59
OOBTHR60
OOBTHR61
OOBTHR62
OOBTHR63
OOBTHR64
